# vsim -c work.aes_top -logfile aes_sim.log -do "run -all; quit" 
# Start time: 17:45:29 on Feb 21,2026
# ** Note: (vsim-3813) Design is being optimized due to module recompilation...
# //  Questa Sim-64
# //  Version 2021.1 win64 Jan 19 2021
# //
# //  Copyright 1991-2021 Mentor Graphics Corporation
# //  All Rights Reserved.
# //
# //  QuestaSim and its associated documentation contain trade
# //  secrets and commercial or financial information that are the property of
# //  Mentor Graphics Corporation and are privileged, confidential,
# //  and exempt from disclosure under the Freedom of Information Act,
# //  5 U.S.C. Section 552. Furthermore, this information
# //  is prohibited from disclosure under the Trade Secrets Act,
# //  18 U.S.C. Section 1905.
# //
# Loading sv_std.std
# Loading work.aes_inf(fast)
# Loading mtiUvm.uvm_pkg(fast)
# Loading work.aes_pack(fast)
# Loading mtiUvm.questa_uvm_pkg(fast)
# Loading work.aes_top(fast)
# Loading work.AES_Encrypt(fast)
# Loading work.encryptRound(fast)
# Loading C:/questasim64_2021.1/uvm-1.1d\win64\uvm_dpi.dll
# ** Warning: (vsim-8806) Task "write" is being called in function "write".
#    Time: 0 ps  Iteration: 0  Instance: /aes_top File: C:/questasim64_2021.1/win64/../verilog_src/uvm-1.1d/src/tlm1/uvm_analysis_port.svh Line: 114
# run -all
# ----------------------------------------------------------------
# UVM-1.1d
# (C) 2007-2013 Mentor Graphics Corporation
# (C) 2007-2013 Cadence Design Systems, Inc.
# (C) 2006-2013 Synopsys, Inc.
# (C) 2011-2013 Cypress Semiconductor Corp.
# ----------------------------------------------------------------
# 
#   ***********       IMPORTANT RELEASE NOTES         ************
# 
#   You are using a version of the UVM library that has been compiled
#   with `UVM_NO_DEPRECATED undefined.
#   See http://www.eda.org/svdb/view.php?id=3313 for more details.
# 
#   You are using a version of the UVM library that has been compiled
#   with `UVM_OBJECT_MUST_HAVE_CONSTRUCTOR undefined.
#   See http://www.eda.org/svdb/view.php?id=3770 for more details.
# 
#       (Specify +UVM_NO_RELNOTES to turn off this notice)
# 
# UVM_INFO verilog_src/questa_uvm_pkg-1.2/src/questa_uvm_pkg.sv(277) @ 0: reporter [Questa UVM] QUESTA_UVM-1.2.3
# UVM_INFO verilog_src/questa_uvm_pkg-1.2/src/questa_uvm_pkg.sv(278) @ 0: reporter [Questa UVM]  questa_uvm::init(+struct)
# UVM_INFO @ 0: reporter [RNTST] Running test aes_test...
# Building my_test
# UVM_INFO tb/aes_test.svh(39) @ 0: uvm_test_top [test] Starting my_sequence_1
# UVM_INFO tb/aes_sequencer.svh(26) @ 0: uvm_test_top.aes_env_inst.aes_agent_inst.aes_sequencer_inst [Sequencer] running phase
# UVM_INFO tb/aes_sequence.svh(23) @ 0: uvm_test_top.aes_env_inst.aes_agent_inst.aes_sequencer_inst@@aes_sequence_inst [sequence] Randomized sequence item with data: db69ef00bb2c97b2db5c14ac10b6c3ed, key: db3e5f317720fa83c9c4248a880bfd70
# UVM_INFO tb/aes_driver.svh(33) @ 0: uvm_test_top.aes_env_inst.aes_agent_inst.aes_driver_inst [driver] Received sequence item with data: db69ef00bb2c97b2db5c14ac10b6c3ed
# UVM_INFO tb/aes_driver.svh(39) @ 1: uvm_test_top.aes_env_inst.aes_agent_inst.aes_driver_inst [driver] Recieved in virtual interface: in = db69ef00bb2c97b2db5c14ac10b6c3ed, key = db3e5f317720fa83c9c4248a880bfd70
# UVM_INFO tb/aes_test.svh(41) @ 1: uvm_test_top [test] Finished my_sequence_1
# UVM_INFO verilog_src/uvm-1.1d/src/base/uvm_objection.svh(1267) @ 1: reporter [TEST_DONE] 'run' phase is ready to proceed to the 'extract' phase
# 
# --- UVM Report Summary ---
# 
# ** Report counts by severity
# UVM_INFO :   10
# UVM_WARNING :    0
# UVM_ERROR :    0
# UVM_FATAL :    0
# ** Report counts by id
# [Questa UVM]     2
# [RNTST]     1
# [Sequencer]     1
# [TEST_DONE]     1
# [driver]     2
# [sequence]     1
# [test]     2
# ** Note: $finish    : C:/questasim64_2021.1/win64/../verilog_src/uvm-1.1d/src/base/uvm_root.svh(430)
#    Time: 1 ps  Iteration: 60  Instance: /aes_top
# End time: 17:45:40 on Feb 21,2026, Elapsed time: 0:00:11
# Errors: 0, Warnings: 1
